Ok(
    BinOp(
        BinOp {
            left: Int(
                Int {
                    n: 1,
                },
            ),
            right: Int(
                Int {
                    n: 1,
                },
            ),
            kind: Mul,
        },
    ),
)