Ok(
    [
        (
            "x",
            "Int",
        ),
        (
            "y",
            "Str",
        ),
        (
            "z",
            "Int",
        ),
    ],
)