---
source: crates/pandalang/src/types/check.rs
expression: test(path)
input_file: crates/pandalang/src/snapshot_inputs/int/double_digit.panda
---
Ok(
    "Int",
)
