---
source: crates/pandalang/src/eval/mod.rs
expression: test_expr(path)
input_file: crates/pandalang/src/snapshot_inputs/exprs/bin_op/prec4.panda
---
Ok(
    Int(
        Int {
            n: 34,
        },
    ),
)
