Ok(
    Int(
        Int {
            n: -37,
        },
    ),
)