Ok(
    Bool(
        Bool {
            b: false,
        },
    ),
)