---
source: src/eval.rs
expression: source
input_file: src/snapshot_inputs/bin_op/prec3.panda
---
Expr(
    Int {
        n: 3,
    },
)
