---
source: src/eval.rs
expression: source
input_file: src/snapshot_inputs/bin_op/prec4.panda
---
Int(
    Int {
        n: 34,
    },
)
