---
source: src/parser.rs
expression: source
input_file: src/snapshot_inputs/parens/parens2.panda
---
Expr(
    BinOp {
        left: Expr(
            Var {
                name: "a",
            },
        ),
        right: Expr(
            Var {
                name: "b",
            },
        ),
        kind: Add,
    },
)
