---
source: src/eval.rs
expression: source
input_file: src/snapshot_inputs/parens/parens1.panda
---
Expr(
    Int {
        n: 0,
    },
)
