---
source: crates/pandalang/src/parser.rs
expression: source
input_file: crates/pandalang/src/snapshot_inputs/int/negative.panda
---
Int(
    Int {
        n: -37,
    },
)
