---
source: crates/pandalang/src/types.rs
expression: test(path)
input_file: crates/pandalang/src/snapshot_inputs/fun/nested.panda
---
Ok(
    "(Int -> (Int -> Int))",
)
