---
source: src/parser.rs
expression: source
input_file: src/snapshot_inputs/bin_op/prec1.panda
---
BinOp(
    BinOp {
        left: BinOp(
            BinOp {
                left: Var(
                    Var {
                        name: "a",
                    },
                ),
                right: Var(
                    Var {
                        name: "b",
                    },
                ),
                kind: Add,
            },
        ),
        right: Var(
            Var {
                name: "c",
            },
        ),
        kind: Sub,
    },
)
