---
source: src/eval.rs
expression: source
input_file: src/snapshot_inputs/var/multi_letter.panda
---
Int(
    Int {
        n: 3,
    },
)
