---
source: crates/pandalang/src/eval.rs
expression: test(path)
input_file: crates/pandalang/src/snapshot_inputs/bin_op/prec4.panda
---
Ok(
    Int(
        Int {
            n: 34,
        },
    ),
)
