---
source: crates/pandalang/src/parser.rs
expression: source
input_file: crates/pandalang/src/snapshot_inputs/var/prime.panda
---
Var(
    Var {
        name: "x'",
    },
)
