---
source: crates/pandalang/src/types.rs
expression: source
input_file: crates/pandalang/src/snapshot_inputs/parens/parens2.panda
---
Ok(
    Int,
)
