---
source: src/eval.rs
expression: source
input_file: src/snapshot_inputs/parens/parens5.panda
---
Int(
    Int {
        n: 0,
    },
)
