---
source: crates/pandalang/src/types.rs
expression: test(path)
input_file: crates/pandalang/src/snapshot_inputs/parens/parens5.panda
---
Ok(
    "Int",
)
