---
source: crates/pandalang/src/eval.rs
expression: test(path)
input_file: crates/pandalang/src/snapshot_inputs/var/var.panda
---
Ok(
    Int(
        Int {
            n: 0,
        },
    ),
)
