---
source: crates/pandalang/src/eval.rs
expression: test(path)
input_file: crates/pandalang/src/snapshot_inputs/str/empty.panda
---
Ok(
    Str(
        Str {
            s: "",
        },
    ),
)
