---
source: src/eval.rs
expression: source
input_file: src/snapshot_inputs/bin_op/mul_int.panda
---
Int(
    Int {
        n: 1,
    },
)
