---
source: crates/pandalang/src/types.rs
expression: source
input_file: crates/pandalang/src/snapshot_inputs/int/int.panda
---
Ok(
    Int,
)
