---
source: crates/pandalang/src/parser.rs
expression: source
input_file: crates/pandalang/src/snapshot_inputs/var/multi_letter.panda
---
Var(
    Var {
        name: "foo",
    },
)
