---
source: crates/pandalang/src/eval.rs
expression: source
input_file: crates/pandalang/src/snapshot_inputs/var/prime.panda
---
Int(
    Int {
        n: 2,
    },
)
