---
source: crates/pandalang/src/parser.rs
expression: source
input_file: crates/pandalang/src/snapshot_inputs/bin_op/div_int.panda
---
BinOp(
    BinOp {
        left: Int(
            Int {
                n: 1,
            },
        ),
        right: Int(
            Int {
                n: 1,
            },
        ),
        kind: Div,
    },
)
